
    using System;
    using NSubstitute;

    namespace ConsoleApplication1
    {
        class FirstService
        {
            public FirstService(Func<ISecondService> secondServiceFactory) {
            }
        }

        interface ISecondService { }

        class MyTest
        {
        private ISecondService _secondServiceFactoryMock;

        MyTest() {
            _secondServiceFactoryMock = Substitute.For<ISecondService>();
            var sut = new FirstService(() => _secondServiceFactoryMock);
            }
        }
    }